ITACS IT-ACS.1
ITASSP IT-ASSP.1
ITASAG IT-ASAG.1
ITASAL IT-ASAL.1
ITASAN IT-ASAN.1
ITASAP IT-ASAP.1
ITASAT IT-ASAT.1
ITASAV IT-ASAV.1
ITASBA IT-ASBA.1
ITASBL IT-ASBL.1
ITASBN IT-ASBN.1
ITASBG IT-ASBG.1
ITASBI IT-ASBI.1
ITASBO IT-ASBO.1
ITASBR IT-ASBR.1
ITASCA IT-ASCA.1
ITASCL IT-ASCL.1
ITASCB IT-ASCB.1
ITASCE IT-ASCE.1
ITASCT IT-ASCT.1
ITASCZ IT-ASCZ.1
ITASCH IT-ASCH.1
ITASCO IT-ASCO.1
ITASCS IT-ASCS.1
ITASCR IT-ASCR.1
ITASCN IT-ASCN.1
ITASEN IT-ASEN.1
ITASFE IT-ASFE.1
ITASFO IT-ASFC.1
ITASFR IT-ASFR.1
ITASGE IT-ASGE.1
ITASGO IT-ASGO.1
ITASGR IT-ASGR.1
ITASIM IT-ASIM.1
ITASIS IT-ASIS.1
ITASAQ IT-ASAQ.1
ITASLT IT-ASLT.1
ITASLE IT-ASLE.1
ITASLI IT-ASLI.1
ITASMC IT-ASMC.1
ITASMN IT-ASMN.1
ITASMS IT-ASMS.1
ITASMT IT-ASMT.1
ITASME IT-ASME.1
ITASNA IT-ASNA.1
ITASNO IT-ASNO.1
ITASNU IT-ASNU.1
ITASOR IT-ASOR.1
ITASPD IT-ASPD.1
ITASPA IT-ASPA.1
ITASPV IT-ASPV.1
ITASPG IT-ASPG.1
ITASPS IT-ASPU.1
ITASPE IT-ASPE.1
ITASPC IT-ASPC.1
ITASPI IT-ASPI.1
ITASPT IT-ASPT.1
ITASPZ IT-ASPZ.1
ITASPO IT-ASPO.1
ITASRG IT-ASRG.1
ITASRA IT-ASRA.1
ITASRC IT-ASRC.1
ITASRI IT-ASRI.1
ITASRN IT-ASRN.1
ITASRM IT-ASRM.1
ITASRO IT-ASRO.1
ITASSA IT-ASSA.1
ITASSS IT-ASSS.1
ITASSV IT-ASSV.1
ITASSI IT-ASSI.1
ITASSR IT-ASSR.1
ITASSO IT-ASSO.1
ITASTA IT-ASTA.1
ITASTE IT-ASTE.1
ITASTR IT-ASTR.1
ITASTO IT-ASTO.1
ITASTP IT-ASTP.1
ITASTN IT-ASTN.1
ITASTV IT-ASTV.1
ITASTS IT-ASTS.1
ITASUD IT-ASUD.1
ITASVB IT-ASVB.1
ITASVC IT-ASVC.1
ITASVR IT-ASVR.1
ITASVV IT-ASVV.1
ITASVI IT-ASVI.1
ITASVT IT-ASVT.1
ITASCEfr IT-ASCE.1
ITSASLOCRI IT-ASRC.1
ITSASPALMI IT-ASRC.1
ITSASANGUA IT-ASFR.1
ITSASASSIS IT-ASPG.1
ITSASBARLE IT-ASBA.1
ITSASBASSA IT-ASVI.1
ITSASCALTA IT-ASCT.1
ITSASCAMER IT-ASMC.1
ITSASCASTR IT-ASCS.1
ITSASCESEN IT-ASFC.1
ITSASFABRI IT-ASAN.1
ITSASFAENZ IT-ASRA.1
ITSASFANO IT-ASPU.1
ITSASFOLIG IT-ASPG.1
ITSASGUBBI IT-ASPG.1
ITSASLAMEZ IT-ASCZ.1
ITSASLANCI IT-ASCH.1
ITSASMODIC IT-ASRG.1
ITSASNOTO IT-ASSR.1
ITSASORVIE IT-ASTR.1
ITSASPESCI IT-ASPT.1
ITSASPONTR IT-ASMS.1
ITSASSREMO IT-ASIM.1
ITSASSCIAC IT-ASAG.1
ITSASSPOLE IT-ASPG.1
ITSASTERMI IT-ASPA.1
ITSASTRANI IT-ASBA.1
ITSASURBIN IT-ASPU.1
ITSASVARAL IT-ASVC.1
ITSASVENTI IT-ASIM.1
ITASTOsr IT-ASTO.1