http\://sas.beniculturali.it/catalogo/enti_coinvolti = enti_coinvolti
http\://sas.beniculturali.it/catalogo/envelope-catsas = envelope-catsas
http\://sas.beniculturali.it/catalogo/vocabolario-ruolo_antroponimo = vocabolario-ruolo_antroponimo
http\://sas.beniculturali.it/catalogo/depositi = depositi
http\://sas.beniculturali.it/catalogo/vocabolari-sogc = vocabolari-sogc
http\://sas.beniculturali.it/catalogo/vocabolario-qualifica_toponimo = vocabolario-qualifica_toponimo
http\://sas.beniculturali.it/catalogo/vocabolario-ruolo_toponimo = vocabolario-ruolo_toponimo
http\://sas.beniculturali.it/catalogo/vocabolario-titolo_antroponimo = vocabolario-titolo_antroponimo
http\://sas.beniculturali.it/catalogo/vocabolario-qualifica_antroponimo = vocabolario-qualifica_antroponimo
http\://sas.beniculturali.it/catalogo/vocabolario-toponimi = vocabolario-toponimi
http\://sas.beniculturali.it/catalogo/vocabolari-comparc = vocabolari-comparc
http\://sas.beniculturali.it/catalogo/vocabolario-categorie = vocabolario-categorie
http\://sas.beniculturali.it/catalogo/vocabolari-strumenti = vocabolari-strumenti
http\://sas.beniculturali.it/catalogo/comparc = comparc
http\://sas.beniculturali.it/catalogo/vocabolario-area_tematica = vocabolario-area_tematica
http\://sas.beniculturali.it/catalogo/vocabolario-voci_indice = vocabolario-voci_indice
http\://sas.beniculturali.it/catalogo/luoghi = luoghi
http\://sas.beniculturali.it/catalogo/relazioni = relazioni
http\://sas.beniculturali.it/catalogo/vocabolari-elmctx = vocabolari-elmctx
http\://sas.beniculturali.it/catalogo/vocabolari-dgt = vocabolari-dgt
http\://sas.beniculturali.it/catalogo/vocabolari-gestionale = vocabolari-gestionale
http\://sas.beniculturali.it/catalogo/vocabolari-trasv = vocabolari-trasv
http\://sas.beniculturali.it/catalogo/sala_studio = sala_studio
http\://sas.beniculturali.it/catalogo/biblio = biblio
http\://sas.beniculturali.it/catalogo/master = master
http\://sas.beniculturali.it/catalogo/strumenti = strumenti
http\://sas.beniculturali.it/catalogo/sogp = sogp
http\://sas.beniculturali.it/catalogo/gestionale = gestionale
http\://sas.beniculturali.it/catalogo/vocabolari-sogp = vocabolari-sogp
http\://sas.beniculturali.it/catalogo/fonti = fonti
http\://sas.beniculturali.it/catalogo/commons = commons
http\://sas.beniculturali.it/catalogo/elmctx = elmctx
http\://sas.beniculturali.it/catalogo/sogc = sogc
